main.c:135:5:main	8	static
main.c:245:6:SystemClock_Config	72	static
main.c:284:13:MX_CAN_Init	8	static
main.c:321:13:MX_TIM1_Init	96	static
main.c:404:13:MX_TIM2_Init	64	static
main.c:463:13:MX_TIM3_Init	32	static
main.c:508:13:MX_GPIO_Init	40	static
main.c:550:6:HAL_GPIO_EXTI_Callback	16	static
main.c:573:6:StartDefaultTask	16	static
main.c:594:6:StartTask02	16	static
main.c:614:6:StartTask03	16	static
main.c:641:6:StartTask04	16	static
main.c:660:6:HAL_TIM_PeriodElapsedCallback	24	static
main.c:688:6:Error_Handler	4	static
