main.c:142:6:HAL_ADC_ConvCpltCallback	16	static
main.c:156:5:main	8	static
main.c:272:6:SystemClock_Config	88	static
main.c:318:13:MX_ADC1_Init	24	static
main.c:379:13:MX_CAN_Init	8	static
main.c:416:13:MX_TIM1_Init	96	static
main.c:499:13:MX_TIM2_Init	64	static
main.c:558:13:MX_TIM3_Init	32	static
main.c:601:13:MX_DMA_Init	16	static
main.c:619:13:MX_GPIO_Init	40	static
main.c:661:6:HAL_GPIO_EXTI_Callback	16	static
main.c:684:6:StartDefaultTask	16	static
main.c:721:6:StartTask02	16	static
main.c:742:6:StartTask03	16	static
main.c:772:6:StartTask04	16	static
main.c:806:6:HAL_TIM_PeriodElapsedCallback	24	static
main.c:834:6:Error_Handler	4	static
