motor_lib.c:32:6:control_first_wheel	16	static
motor_lib.c:66:6:control_second_wheel	16	static
motor_lib.c:100:6:rotate_first_cw	24	static
motor_lib.c:115:6:rotate_first_ccw	24	static
motor_lib.c:130:6:rotate_second_cw	24	static
motor_lib.c:145:6:rotate_second_ccw	24	static
motor_lib.c:160:6:reduce_speed_first_cw	24	static
motor_lib.c:175:6:reduce_speed_first_ccw	24	static
motor_lib.c:190:6:reduce_speed_second_cw	24	static
motor_lib.c:205:6:reduce_speed_second_ccw	24	static
motor_lib.c:220:6:stop_movement_first	8	static
motor_lib.c:229:6:stop_movement_second	8	static
