stm32f1xx_it.c:82:6:NMI_Handler	4	static
stm32f1xx_it.c:95:6:HardFault_Handler	4	static
stm32f1xx_it.c:110:6:MemManage_Handler	4	static
stm32f1xx_it.c:125:6:BusFault_Handler	4	static
stm32f1xx_it.c:140:6:UsageFault_Handler	4	static
stm32f1xx_it.c:155:6:DebugMon_Handler	4	static
stm32f1xx_it.c:175:6:DMA1_Channel1_IRQHandler	8	static
stm32f1xx_it.c:189:6:USB_LP_CAN1_RX0_IRQHandler	8	static
stm32f1xx_it.c:213:6:EXTI9_5_IRQHandler	8	static
stm32f1xx_it.c:245:6:TIM3_IRQHandler	8	static
stm32f1xx_it.c:259:6:TIM4_IRQHandler	8	static
